Archive member included because of file (symbol)

g:/dev/devkitpro/devkitarm/bin/../lib/gcc/arm-eabi/4.1.1/thumb\libgcc.a(_call_via_rX.o)
                              g:/dev/devkitpro/devkitarm/bin/../lib/gcc/arm-eabi/4.1.1/../../../../arm-eabi/lib/thumb/gba_crt0.o (_call_via_r3)
g:/dev/devkitpro/devkitarm/bin/../lib/gcc/arm-eabi/4.1.1/../../../../arm-eabi/lib/thumb\libg.a(lib_a-init.o)
                              g:/dev/devkitpro/devkitarm/bin/../lib/gcc/arm-eabi/4.1.1/../../../../arm-eabi/lib/thumb/gba_crt0.o (__libc_init_array)
g:/dev/devkitpro/devkitarm/bin/../lib/gcc/arm-eabi/4.1.1/../../../../arm-eabi/lib/thumb\libsysbase.a(malloc_vars.o)
                              g:/dev/devkitpro/devkitarm/bin/../lib/gcc/arm-eabi/4.1.1/../../../../arm-eabi/lib/thumb/gba_crt0.o (fake_heap_end)

Memory Configuration

Name             Origin             Length             Attributes
rom              0x08000000         0x02000000
iwram            0x03000000         0x00008000
ewram            0x02000000         0x00040000
*default*        0x00000000         0xffffffff

Linker script and memory map

                0x08000000                __text_start = 0x8000000
                0x02040000                __eheap_end = 0x2040000
                0x03000000                __iwram_start = 0x3000000
                0x03008000                __iwram_top = 0x3008000
                0x03007f00                __sp_irq = (__iwram_top - 0x100)
                0x03007e00                __sp_usr = (__sp_irq - 0x100)
                0x03007ff8                __irq_flags = 0x3007ff8
                0x08000000                . = __text_start

.init           0x08000000      0x218
 *(.init)
 .init          0x08000000      0x20c g:/dev/devkitpro/devkitarm/bin/../lib/gcc/arm-eabi/4.1.1/../../../../arm-eabi/lib/thumb/gba_crt0.o
                0x080000c4                __boot_method
                0x080000c5                __slave_number
                0x08000000                _start
                0x080000e0                start_vector
 .init          0x0800020c        0x4 g:/dev/devkitpro/devkitarm/bin/../lib/gcc/arm-eabi/4.1.1/thumb/crti.o
                0x0800020c                _init
 .init          0x08000210        0x8 g:/dev/devkitpro/devkitarm/bin/../lib/gcc/arm-eabi/4.1.1/thumb/crtn.o
                0x08000218                . = ALIGN (0x4)

.plt            0x08000218        0x0
 *(.plt)
                0x08000218                . = ALIGN (0x4)

.text           0x08000218      0x828
 *(EXCLUDE_FILE(*.iwram*) .text)
 .text          0x08000218        0x0 g:/dev/devkitpro/devkitarm/bin/../lib/gcc/arm-eabi/4.1.1/../../../../arm-eabi/lib/thumb/gba_crt0.o
 .text          0x08000218        0x0 g:/dev/devkitpro/devkitarm/bin/../lib/gcc/arm-eabi/4.1.1/thumb/crti.o
 .text          0x08000218       0x70 g:/dev/devkitpro/devkitarm/bin/../lib/gcc/arm-eabi/4.1.1/thumb/crtbegin.o
 .text          0x08000288       0xc4 gba.o
                0x08000288                WaitVSync()
                0x08000318                CopyScreen()
                0x080002fc                ClearScreen16(unsigned short)
                0x080002a4                FlipBuffers()
                0x080002d4                ClearScreen8(unsigned char)
 .text          0x0800034c      0x630 main.o
                0x0800034c                drawCursor(int, int)
                0x08000478                moveCursor(int&, int&)
                0x08000720                main
 .text          0x0800097c       0x3c g:/dev/devkitpro/devkitarm/bin/../lib/gcc/arm-eabi/4.1.1/thumb\libgcc.a(_call_via_rX.o)
                0x08000984                _call_via_r2
                0x08000994                _call_via_r6
                0x08000990                _call_via_r5
                0x08000988                _call_via_r3
                0x080009a8                _call_via_fp
                0x0800099c                _call_via_r8
                0x08000998                _call_via_r7
                0x0800097c                _call_via_r0
                0x080009a4                _call_via_sl
                0x080009b0                _call_via_sp
                0x080009a0                _call_via_r9
                0x0800098c                _call_via_r4
                0x08000980                _call_via_r1
                0x080009ac                _call_via_ip
                0x080009b4                _call_via_lr
 .text          0x080009b8       0x88 g:/dev/devkitpro/devkitarm/bin/../lib/gcc/arm-eabi/4.1.1/../../../../arm-eabi/lib/thumb\libg.a(lib_a-init.o)
                0x080009e8                __libc_init_array
                0x080009b8                __libc_fini_array
 .text          0x08000a40        0x0 g:/dev/devkitpro/devkitarm/bin/../lib/gcc/arm-eabi/4.1.1/../../../../arm-eabi/lib/thumb\libsysbase.a(malloc_vars.o)
 .text          0x08000a40        0x0 g:/dev/devkitpro/devkitarm/bin/../lib/gcc/arm-eabi/4.1.1/thumb/crtend.o
 .text          0x08000a40        0x0 g:/dev/devkitpro/devkitarm/bin/../lib/gcc/arm-eabi/4.1.1/thumb/crtn.o
 *(.text.*)
 *(.stub)
 *(.gnu.warning)
 *(.gnu.linkonce.t*)
 *(.glue_7)
 .glue_7        0x08000a40        0x0 g:/dev/devkitpro/devkitarm/bin/../lib/gcc/arm-eabi/4.1.1/../../../../arm-eabi/lib/thumb/gba_crt0.o
 .glue_7        0x08000a40        0x0 g:/dev/devkitpro/devkitarm/bin/../lib/gcc/arm-eabi/4.1.1/thumb/crti.o
 .glue_7        0x08000a40        0x0 g:/dev/devkitpro/devkitarm/bin/../lib/gcc/arm-eabi/4.1.1/thumb/crtbegin.o
 .glue_7        0x08000a40        0x0 gba.o
 .glue_7        0x08000a40        0x0 main.o
 .glue_7        0x08000a40        0x0 g:/dev/devkitpro/devkitarm/bin/../lib/gcc/arm-eabi/4.1.1/thumb\libgcc.a(_call_via_rX.o)
 .glue_7        0x08000a40        0x0 g:/dev/devkitpro/devkitarm/bin/../lib/gcc/arm-eabi/4.1.1/../../../../arm-eabi/lib/thumb\libg.a(lib_a-init.o)
 .glue_7        0x08000a40        0x0 g:/dev/devkitpro/devkitarm/bin/../lib/gcc/arm-eabi/4.1.1/../../../../arm-eabi/lib/thumb\libsysbase.a(malloc_vars.o)
 .glue_7        0x08000a40        0x0 g:/dev/devkitpro/devkitarm/bin/../lib/gcc/arm-eabi/4.1.1/thumb/crtend.o
 .glue_7        0x08000a40        0x0 g:/dev/devkitpro/devkitarm/bin/../lib/gcc/arm-eabi/4.1.1/thumb/crtn.o
 *(.glue_7t)
 .glue_7t       0x08000a40        0x0 g:/dev/devkitpro/devkitarm/bin/../lib/gcc/arm-eabi/4.1.1/../../../../arm-eabi/lib/thumb/gba_crt0.o
 .glue_7t       0x08000a40        0x0 g:/dev/devkitpro/devkitarm/bin/../lib/gcc/arm-eabi/4.1.1/thumb/crti.o
 .glue_7t       0x08000a40        0x0 g:/dev/devkitpro/devkitarm/bin/../lib/gcc/arm-eabi/4.1.1/thumb/crtbegin.o
 .glue_7t       0x08000a40        0x0 gba.o
 .glue_7t       0x08000a40        0x0 main.o
 .glue_7t       0x08000a40        0x0 g:/dev/devkitpro/devkitarm/bin/../lib/gcc/arm-eabi/4.1.1/thumb\libgcc.a(_call_via_rX.o)
 .glue_7t       0x08000a40        0x0 g:/dev/devkitpro/devkitarm/bin/../lib/gcc/arm-eabi/4.1.1/../../../../arm-eabi/lib/thumb\libg.a(lib_a-init.o)
 .glue_7t       0x08000a40        0x0 g:/dev/devkitpro/devkitarm/bin/../lib/gcc/arm-eabi/4.1.1/../../../../arm-eabi/lib/thumb\libsysbase.a(malloc_vars.o)
 .glue_7t       0x08000a40        0x0 g:/dev/devkitpro/devkitarm/bin/../lib/gcc/arm-eabi/4.1.1/thumb/crtend.o
 .glue_7t       0x08000a40        0x0 g:/dev/devkitpro/devkitarm/bin/../lib/gcc/arm-eabi/4.1.1/thumb/crtn.o
                0x08000a40                . = ALIGN (0x4)
                0x08000a40                __text_end = .

.fini           0x08000a40        0xc
 *(.fini)
 .fini          0x08000a40        0x4 g:/dev/devkitpro/devkitarm/bin/../lib/gcc/arm-eabi/4.1.1/thumb/crti.o
                0x08000a40                _fini
 .fini          0x08000a44        0x8 g:/dev/devkitpro/devkitarm/bin/../lib/gcc/arm-eabi/4.1.1/thumb/crtn.o
                0x08000a4c                . = ALIGN (0x4)

.rodata         0x08000a4c        0x0
 *(.rodata)
 *all.rodata*(*)
 *(.roda)
 *(.rodata.*)
 *(.gnu.linkonce.r*)
                0x08000a4c                . = ALIGN (0x4)

.ARM.extab
 *(.ARM.extab* .gnu.linkonce.armextab.*)
                0x08000a4c                __exidx_start = .

.ARM.exidx
 *(.ARM.exidx* .gnu.linkonce.armexidx.*)
                0x08000a4c                __exidx_end = .

.ctors          0x08000a4c        0x0
 *crtbegin.o(.ctors)
 *(EXCLUDE_FILE(*crtend.o) .ctors)
 *(SORT(.ctors.*))
 *(.ctors)
                0x08000a4c                . = ALIGN (0x4)

.dtors          0x08000a4c        0x0
 *crtbegin.o(.dtors)
 *(EXCLUDE_FILE(*crtend.o) .dtors)
 *(SORT(.dtors.*))
 *(.dtors)
                0x08000a4c                . = ALIGN (0x4)

.eh_frame       0x08000a4c        0x4
 *(.eh_frame)
 .eh_frame      0x08000a4c        0x0 g:/dev/devkitpro/devkitarm/bin/../lib/gcc/arm-eabi/4.1.1/thumb/crtbegin.o
 .eh_frame      0x08000a4c        0x4 g:/dev/devkitpro/devkitarm/bin/../lib/gcc/arm-eabi/4.1.1/thumb/crtend.o
                0x08000a50                . = ALIGN (0x4)

.gcc_except_table
                0x08000a50        0x0
 *(.gcc_except_table)
                0x08000a50                . = ALIGN (0x4)
                0x08000a50                __iwram_lma = .

.iwram          0x03000000        0x0 load address 0x08000a50
                0x03000000                __iwram_start = <code 342> (.)
 *(.iwram)
 *iwram.*(.text)
                0x03000000                . = ALIGN (0x4)
                0x03000000                __iwram_end = <code 342> (.)
                0x08000a50                __data_lma = (__iwram_lma + SIZEOF (.iwram))

.bss            0x03000000       0x24
                0x03000000                __bss_start = <code 342> (.)
                0x03000000                __bss_start__ = <code 342> (.)
 *(.dynbss)
 *(.gnu.linkonce.b*)
 *(.bss*)
 .bss           0x03000000        0x0 g:/dev/devkitpro/devkitarm/bin/../lib/gcc/arm-eabi/4.1.1/../../../../arm-eabi/lib/thumb/gba_crt0.o
 .bss           0x03000000        0x0 g:/dev/devkitpro/devkitarm/bin/../lib/gcc/arm-eabi/4.1.1/thumb/crti.o
 .bss           0x03000000       0x1c g:/dev/devkitpro/devkitarm/bin/../lib/gcc/arm-eabi/4.1.1/thumb/crtbegin.o
 .bss           0x0300001c        0x0 gba.o
 .bss           0x0300001c        0x0 main.o
 .bss           0x0300001c        0x0 g:/dev/devkitpro/devkitarm/bin/../lib/gcc/arm-eabi/4.1.1/thumb\libgcc.a(_call_via_rX.o)
 .bss           0x0300001c        0x0 g:/dev/devkitpro/devkitarm/bin/../lib/gcc/arm-eabi/4.1.1/../../../../arm-eabi/lib/thumb\libg.a(lib_a-init.o)
 .bss           0x0300001c        0x8 g:/dev/devkitpro/devkitarm/bin/../lib/gcc/arm-eabi/4.1.1/../../../../arm-eabi/lib/thumb\libsysbase.a(malloc_vars.o)
                0x03000020                fake_heap_start
                0x0300001c                fake_heap_end
 .bss           0x03000024        0x0 g:/dev/devkitpro/devkitarm/bin/../lib/gcc/arm-eabi/4.1.1/thumb/crtend.o
 .bss           0x03000024        0x0 g:/dev/devkitpro/devkitarm/bin/../lib/gcc/arm-eabi/4.1.1/thumb/crtn.o
 *(COMMON)
                0x03000024                . = ALIGN (0x4)
                0x03000024                __bss_end = <code 342> (.)
                0x03000024                __bss_end__ = __bss_end

.data           0x03000024        0x8 load address 0x08000a50
                0x03000024                __data_start = <code 342> (.)
 *(.data)
 .data          0x03000024        0x0 g:/dev/devkitpro/devkitarm/bin/../lib/gcc/arm-eabi/4.1.1/../../../../arm-eabi/lib/thumb/gba_crt0.o
 .data          0x03000024        0x0 g:/dev/devkitpro/devkitarm/bin/../lib/gcc/arm-eabi/4.1.1/thumb/crti.o
 .data          0x03000024        0x4 g:/dev/devkitpro/devkitarm/bin/../lib/gcc/arm-eabi/4.1.1/thumb/crtbegin.o
                0x03000024                __dso_handle
 .data          0x03000028        0x4 gba.o
                0x03000028                BackBuffer
 .data          0x0300002c        0x0 main.o
 .data          0x0300002c        0x0 g:/dev/devkitpro/devkitarm/bin/../lib/gcc/arm-eabi/4.1.1/thumb\libgcc.a(_call_via_rX.o)
 .data          0x0300002c        0x0 g:/dev/devkitpro/devkitarm/bin/../lib/gcc/arm-eabi/4.1.1/../../../../arm-eabi/lib/thumb\libg.a(lib_a-init.o)
 .data          0x0300002c        0x0 g:/dev/devkitpro/devkitarm/bin/../lib/gcc/arm-eabi/4.1.1/../../../../arm-eabi/lib/thumb\libsysbase.a(malloc_vars.o)
 .data          0x0300002c        0x0 g:/dev/devkitpro/devkitarm/bin/../lib/gcc/arm-eabi/4.1.1/thumb/crtend.o
 .data          0x0300002c        0x0 g:/dev/devkitpro/devkitarm/bin/../lib/gcc/arm-eabi/4.1.1/thumb/crtn.o
 *(.data.*)
 *(.gnu.linkonce.d*)
                0x0300002c                . = ALIGN (0x4)
                0x08000a58                __preinit_lma = (__data_lma + SIZEOF (.data))
                0x0300002c                PROVIDE (__preinit_array_start, .)

.preinit_array  0x0300002c        0x0 load address 0x08000a58
 *(.preinit_array)
                0x0300002c                PROVIDE (__preinit_array_end, .)
                0x08000a58                __init_lma = (__preinit_lma + SIZEOF (.preinit_array))
                0x0300002c                PROVIDE (__init_array_start, .)

.init_array     0x0300002c        0x4 load address 0x08000a58
 *(.init_array)
 .init_array    0x0300002c        0x4 g:/dev/devkitpro/devkitarm/bin/../lib/gcc/arm-eabi/4.1.1/thumb/crtbegin.o
                0x03000030                PROVIDE (__init_array_end, .)
                0x03000030                PROVIDE (__fini_array_start, .)
                0x08000a5c                __fini_lma = (__init_lma + SIZEOF (.init_array))

.fini_array     0x03000030        0x4 load address 0x08000a5c
 *(.fini_array)
 .fini_array    0x03000030        0x4 g:/dev/devkitpro/devkitarm/bin/../lib/gcc/arm-eabi/4.1.1/thumb/crtbegin.o
                0x03000034                PROVIDE (__fini_array_end, .)
                0x08000a60                __jcr_lma = (__fini_lma + SIZEOF (.fini_array))

.jcr            0x03000034        0x4 load address 0x08000a60
 *(.jcr)
 .jcr           0x03000034        0x0 g:/dev/devkitpro/devkitarm/bin/../lib/gcc/arm-eabi/4.1.1/thumb/crtbegin.o
 .jcr           0x03000034        0x4 g:/dev/devkitpro/devkitarm/bin/../lib/gcc/arm-eabi/4.1.1/thumb/crtend.o
                0x03000038                __data_end = <code 342> (.)
                0x08000a64                __iwram_overlay_lma = (__jcr_lma + SIZEOF (.jcr))
                0x03000038                __iwram_overlay_start = .

.iwram0         0x03000038        0x0 load address 0x08000a64
 *(.iwram0)
                0x03000038                . = ALIGN (0x4)
                0x08000a64                __load_start_iwram0 = LOADADDR (.iwram0)
                0x08000a64                __load_stop_iwram0 = (LOADADDR (.iwram0) + SIZEOF (.iwram0))

.iwram1         0x03000038        0x0 load address 0x08000a64
 *(.iwram1)
                0x03000038                . = ALIGN (0x4)
                0x08000a64                __load_start_iwram1 = LOADADDR (.iwram1)
                0x08000a64                __load_stop_iwram1 = (LOADADDR (.iwram1) + SIZEOF (.iwram1))

.iwram2         0x03000038        0x0 load address 0x08000a64
 *(.iwram2)
                0x03000038                . = ALIGN (0x4)
                0x08000a64                __load_start_iwram2 = LOADADDR (.iwram2)
                0x08000a64                __load_stop_iwram2 = (LOADADDR (.iwram2) + SIZEOF (.iwram2))

.iwram3         0x03000038        0x0 load address 0x08000a64
 *(.iwram3)
                0x03000038                . = ALIGN (0x4)
                0x08000a64                __load_start_iwram3 = LOADADDR (.iwram3)
                0x08000a64                __load_stop_iwram3 = (LOADADDR (.iwram3) + SIZEOF (.iwram3))

.iwram4         0x03000038        0x0 load address 0x08000a64
 *(.iwram4)
                0x03000038                . = ALIGN (0x4)
                0x08000a64                __load_start_iwram4 = LOADADDR (.iwram4)
                0x08000a64                __load_stop_iwram4 = (LOADADDR (.iwram4) + SIZEOF (.iwram4))

.iwram5         0x03000038        0x0 load address 0x08000a64
 *(.iwram5)
                0x03000038                . = ALIGN (0x4)
                0x08000a64                __load_start_iwram5 = LOADADDR (.iwram5)
                0x08000a64                __load_stop_iwram5 = (LOADADDR (.iwram5) + SIZEOF (.iwram5))

.iwram6         0x03000038        0x0 load address 0x08000a64
 *(.iwram6)
                0x03000038                . = ALIGN (0x4)
                0x08000a64                __load_start_iwram6 = LOADADDR (.iwram6)
                0x08000a64                __load_stop_iwram6 = (LOADADDR (.iwram6) + SIZEOF (.iwram6))

.iwram7         0x03000038        0x0 load address 0x08000a64
 *(.iwram7)
                0x03000038                . = ALIGN (0x4)
                0x08000a64                __load_start_iwram7 = LOADADDR (.iwram7)
                0x08000a64                __load_stop_iwram7 = (LOADADDR (.iwram7) + SIZEOF (.iwram7))

.iwram8         0x03000038        0x0 load address 0x08000a64
 *(.iwram8)
                0x03000038                . = ALIGN (0x4)
                0x08000a64                __load_start_iwram8 = LOADADDR (.iwram8)
                0x08000a64                __load_stop_iwram8 = (LOADADDR (.iwram8) + SIZEOF (.iwram8))

.iwram9         0x03000038        0x0 load address 0x08000a64
 *(.iwram9)
                0x03000038                . = ALIGN (0x4)
                0x08000a64                __load_start_iwram9 = LOADADDR (.iwram9)
                0x08000a64                __load_stop_iwram9 = (LOADADDR (.iwram9) + SIZEOF (.iwram9))
                0x08000a64                __ewram_lma = __load_stop_iwram9
                0x03000038                __iwram_overlay_end = .
                0x03000038                __iheap_start = .
                0x02000000                __ewram_start = 0x2000000

.ewram          0x02000000        0x0 load address 0x08000a64
 *(.ewram)
                0x02000000                . = ALIGN (0x4)
                0x08000a64                __pad_lma = (__ewram_lma + SIZEOF (.ewram))

.sbss           0x02000000        0x0
                0x02000000                __sbss_start = <code 342> (.)
 *(.sbss)
                0x02000000                . = ALIGN (0x4)
                0x02000000                __sbss_end = <code 342> (.)
                0x02000000                __ewram_end = __sbss_end
                0x02000000                __eheap_start = __sbss_end
                0x02000000                __end__ = __sbss_end
                0x02000000                end = __sbss_end

.pad            0x02000000        0x8 load address 0x08000a64
                0x02000000        0x4 LONG 0x52416b64
                0x02000004        0x4 LONG 0x4d
                0x02000008                . = ALIGN (0x4)

.stab
 *(.stab)

.stabstr
 *(.stabstr)

.stab.excl
 *(.stab.excl)

.stab.exclstr
 *(.stab.exclstr)

.stab.index
 *(.stab.index)

.stab.indexstr
 *(.stab.indexstr)

.comment        0x00000000       0xf6
 *(.comment)
 .comment       0x00000000       0x29 g:/dev/devkitpro/devkitarm/bin/../lib/gcc/arm-eabi/4.1.1/thumb/crtbegin.o
 .comment       0x00000029       0x29 gba.o
 .comment       0x00000052       0x29 main.o
 .comment       0x0000007b       0x29 g:/dev/devkitpro/devkitarm/bin/../lib/gcc/arm-eabi/4.1.1/../../../../arm-eabi/lib/thumb\libg.a(lib_a-init.o)
 .comment       0x000000a4       0x29 g:/dev/devkitpro/devkitarm/bin/../lib/gcc/arm-eabi/4.1.1/../../../../arm-eabi/lib/thumb\libsysbase.a(malloc_vars.o)
 .comment       0x000000cd       0x29 g:/dev/devkitpro/devkitarm/bin/../lib/gcc/arm-eabi/4.1.1/thumb/crtend.o

.debug
 *(.debug)

.line
 *(.line)

.debug_srcinfo
 *(.debug_srcinfo)

.debug_sfnames
 *(.debug_sfnames)

.debug_aranges  0x00000000       0x90
 *(.debug_aranges)
 .debug_aranges
                0x00000000       0x28 g:/dev/devkitpro/devkitarm/bin/../lib/gcc/arm-eabi/4.1.1/thumb/crti.o
 .debug_aranges
                0x00000028       0x20 gba.o
 .debug_aranges
                0x00000048       0x20 main.o
 .debug_aranges
                0x00000068       0x28 g:/dev/devkitpro/devkitarm/bin/../lib/gcc/arm-eabi/4.1.1/thumb/crtn.o

.debug_pubnames
                0x00000000       0xaa
 *(.debug_pubnames)
 .debug_pubnames
                0x00000000       0x71 gba.o
 .debug_pubnames
                0x00000071       0x39 main.o

.debug_info     0x00000000      0x97e
 *(.debug_info)
 .debug_info    0x00000000       0x5b g:/dev/devkitpro/devkitarm/bin/../lib/gcc/arm-eabi/4.1.1/thumb/crti.o
 .debug_info    0x0000005b      0x1f2 gba.o
 .debug_info    0x0000024d      0x6d6 main.o
 .debug_info    0x00000923       0x5b g:/dev/devkitpro/devkitarm/bin/../lib/gcc/arm-eabi/4.1.1/thumb/crtn.o

.debug_abbrev   0x00000000      0x2a8
 *(.debug_abbrev)
 .debug_abbrev  0x00000000       0x10 g:/dev/devkitpro/devkitarm/bin/../lib/gcc/arm-eabi/4.1.1/thumb/crti.o
 .debug_abbrev  0x00000010       0xf4 gba.o
 .debug_abbrev  0x00000104      0x194 main.o
 .debug_abbrev  0x00000298       0x10 g:/dev/devkitpro/devkitarm/bin/../lib/gcc/arm-eabi/4.1.1/thumb/crtn.o

.debug_line     0x00000000      0x421
 *(.debug_line)
 .debug_line    0x00000000       0x49 g:/dev/devkitpro/devkitarm/bin/../lib/gcc/arm-eabi/4.1.1/thumb/crti.o
 .debug_line    0x00000049       0xf7 gba.o
 .debug_line    0x00000140      0x260 main.o
 .debug_line    0x000003a0       0x81 g:/dev/devkitpro/devkitarm/bin/../lib/gcc/arm-eabi/4.1.1/thumb/crtn.o

.debug_frame    0x00000000      0x100
 *(.debug_frame)
 .debug_frame   0x00000000       0x88 gba.o
 .debug_frame   0x00000088       0x78 main.o

.debug_str      0x00000000      0x247
 *(.debug_str)
 .debug_str     0x00000000      0x1b2 gba.o
                                0x1e6 (size before relaxing)
 .debug_str     0x000001b2       0x95 main.o
                                0x190 (size before relaxing)

.debug_loc      0x00000000      0x617
 *(.debug_loc)
 .debug_loc     0x00000000      0x12e gba.o
 .debug_loc     0x0000012e      0x4e9 main.o

.debug_macinfo
 *(.debug_macinfo)

.debug_weaknames
 *(.debug_weaknames)

.debug_funcnames
 *(.debug_funcnames)

.debug_typenames
 *(.debug_typenames)

.debug_varnames
 *(.debug_varnames)

.stack          0x00080000        0x0
                0x00080000                _stack = .
 *(.stack)

.note.gnu.arm.ident
 *(.note.gnu.arm.ident)

.ARM.attributes
                0x00000000       0x10
 *(.ARM.attributes)
 .ARM.attributes
                0x00000000       0x20 g:/dev/devkitpro/devkitarm/bin/../lib/gcc/arm-eabi/4.1.1/../../../../arm-eabi/lib/thumb/gba_crt0.o
 .ARM.attributes
                0x00000020       0x1e g:/dev/devkitpro/devkitarm/bin/../lib/gcc/arm-eabi/4.1.1/thumb/crti.o
 .ARM.attributes
                0x0000003e       0x1e g:/dev/devkitpro/devkitarm/bin/../lib/gcc/arm-eabi/4.1.1/thumb/crtbegin.o
 .ARM.attributes
                0x0000005c       0x1e gba.o
 .ARM.attributes
                0x0000007a       0x1e main.o
 .ARM.attributes
                0x00000098       0x1e g:/dev/devkitpro/devkitarm/bin/../lib/gcc/arm-eabi/4.1.1/thumb\libgcc.a(_call_via_rX.o)
 .ARM.attributes
                0x000000b6       0x1e g:/dev/devkitpro/devkitarm/bin/../lib/gcc/arm-eabi/4.1.1/../../../../arm-eabi/lib/thumb\libg.a(lib_a-init.o)
 .ARM.attributes
                0x000000d4       0x1c g:/dev/devkitpro/devkitarm/bin/../lib/gcc/arm-eabi/4.1.1/../../../../arm-eabi/lib/thumb\libsysbase.a(malloc_vars.o)
 .ARM.attributes
                0x000000f0       0x1c g:/dev/devkitpro/devkitarm/bin/../lib/gcc/arm-eabi/4.1.1/thumb/crtend.o
 .ARM.attributes
                0x0000010c       0x1e g:/dev/devkitpro/devkitarm/bin/../lib/gcc/arm-eabi/4.1.1/thumb/crtn.o

/DISCARD/
 *(.note.GNU-stack)
LOAD g:/dev/devkitpro/devkitarm/bin/../lib/gcc/arm-eabi/4.1.1/../../../../arm-eabi/lib/thumb/gba_crt0.o
LOAD g:/dev/devkitpro/devkitarm/bin/../lib/gcc/arm-eabi/4.1.1/thumb/crti.o
LOAD g:/dev/devkitpro/devkitarm/bin/../lib/gcc/arm-eabi/4.1.1/thumb/crtbegin.o
LOAD gba.o
LOAD main.o
LOAD g:/dev/devkitPro/libgba/lib\libgba.a
LOAD g:/dev/devkitpro/devkitarm/bin/../lib/gcc/arm-eabi/4.1.1/../../../../arm-eabi/lib/thumb\libstdc++.a
LOAD g:/dev/devkitpro/devkitarm/bin/../lib/gcc/arm-eabi/4.1.1/../../../../arm-eabi/lib/thumb\libm.a
START GROUP
LOAD g:/dev/devkitpro/devkitarm/bin/../lib/gcc/arm-eabi/4.1.1/thumb\libgcc.a
LOAD g:/dev/devkitpro/devkitarm/bin/../lib/gcc/arm-eabi/4.1.1/../../../../arm-eabi/lib/thumb\libg.a
LOAD g:/dev/devkitpro/devkitarm/bin/../lib/gcc/arm-eabi/4.1.1/../../../../arm-eabi/lib/thumb\libc.a
END GROUP
START GROUP
LOAD g:/dev/devkitpro/devkitarm/bin/../lib/gcc/arm-eabi/4.1.1/../../../../arm-eabi/lib/thumb\libsysbase.a
LOAD g:/dev/devkitpro/devkitarm/bin/../lib/gcc/arm-eabi/4.1.1/../../../../arm-eabi/lib/thumb\libc.a
END GROUP
LOAD g:/dev/devkitpro/devkitarm/bin/../lib/gcc/arm-eabi/4.1.1/thumb/crtend.o
LOAD g:/dev/devkitpro/devkitarm/bin/../lib/gcc/arm-eabi/4.1.1/thumb/crtn.o
OUTPUT(y:/1103222/gbaCRSWProject/gbaCRSWProject/dist/gbaCRSWProject.elf elf32-littlearm)

.debug_ranges   0x00000000      0x320
 .debug_ranges  0x00000000      0x320 main.o
